
> build
> vite build

[90m[[90mnitro:vercel[90m][39m [36mΓä╣[39m Using [36mnodejs24.x[39m runtime.
[90m[[90mnitro:vercel[90m][39m [36mΓä╣[39m Using [36mweb[39m entry format.
[36mvite v7.3.3 [32mbuilding client environment for production...[36m[39m
transforming...
[32mΓ£ô[39m 2044 modules transformed.
rendering chunks...
computing gzip size...
[2m.vercel/output/static/[22m[32massets/UntoldStory-CTUt_0uS.ttf        [39m[1m[2m 79.39 kB[22m[1m[22m
[2m.vercel/output/static/[22m[35massets/styles-CVmCy-nj.css             [39m[1m[2m 78.29 kB[22m[1m[22m[2m Γöé gzip:  13.55 kB[22m
[2m.vercel/output/static/[22m[36massets/welcome-BwhEzFRv.js             [39m[1m[2m  8.50 kB[22m[1m[22m[2m Γöé gzip:   2.51 kB[22m
[2m.vercel/output/static/[22m[36massets/session._sessionId-BCdMDRVT.js  [39m[1m[2m 19.03 kB[22m[1m[22m[2m Γöé gzip:   6.52 kB[22m
[2m.vercel/output/static/[22m[36massets/cjs-COs1letL.js                 [39m[1m[2m 21.72 kB[22m[1m[22m[2m Γöé gzip:   7.50 kB[22m
[2m.vercel/output/static/[22m[36massets/pencil-DTdN-nu6.js              [39m[1m[2m 28.77 kB[22m[1m[22m[2m Γöé gzip:   9.22 kB[22m
[2m.vercel/output/static/[22m[36massets/index-CDjayA8Q.js               [39m[1m[2m 72.88 kB[22m[1m[22m[2m Γöé gzip:  22.73 kB[22m
[2m.vercel/output/static/[22m[36massets/house-Dvpq0S8V.js               [39m[1m[2m212.75 kB[22m[1m[22m[2m Γöé gzip:  56.28 kB[22m
[2m.vercel/output/static/[22m[36massets/index-CF9M850Y.js               [39m[1m[2m350.57 kB[22m[1m[22m[2m Γöé gzip: 111.23 kB[22m
[32mΓ£ô built in 7.24s[39m
[36mvite v7.3.3 [32mbuilding ssr environment for production...[36m[39m
transforming...
node.exe : [33m"createRequestHandler", "defineHandlerCallback", 
"transformPipeableStreamWithRouter" and "transformReadableStreamWithRouter" 
are imported from external module "@tanstack/router-core/ssr/server" but never 
used in "node_modules/@tanstack/start-server-core/dist/esm/index.js".[39m
At line:1 char:1
+ & "D:\/node.exe" "D:\/node_modules/npm/bin/npm-cli.js" run build
+ ~~~~~~~~~~~~~~~~~~~~~~~~~~~~~~~~~~~~~~~~~~~~~~~~~~~~~~~~~~~~~~~~
    + CategoryInfo          : NotSpecified: ([33m"createReq...index.js".[39m 
   :String) [], RemoteException
    + FullyQualifiedErrorId : NativeCommandError
 
[33m"RawStream" is imported from external module "@tanstack/router-core" but 
never used in 
"node_modules/@tanstack/start-client-core/dist/esm/index.js".[39m
[33m"hydrate" and "json" are imported from external module 
"@tanstack/router-core/ssr/client" but never used in 
"node_modules/@tanstack/start-client-core/dist/esm/index.js".[39m
[32mΓ£ô[39m 73 modules transformed.
rendering chunks...
[2mnode_modules/.nitro/vite/services/ssr/[22m[32massets/UntoldStory-CTUt_0uS.ttf                        [39m[1m[2m79.39 kB[22m[1m[22m
[2mnode_modules/.nitro/vite/services/ssr/[22m[35massets/styles-CVmCy-nj.css                             [39m[1m[2m78.29 kB[22m[1m[22m
[2mnode_modules/.nitro/vite/services/ssr/[22m[36massets/__23tanstack-start-plugin-adapters-Cwee5PKy.js  [39m[1m[2m 0.14 kB[22m[1m[22m
[2mnode_modules/.nitro/vite/services/ssr/[22m[36massets/sessions-CFJlkjLc.js                            [39m[1m[2m 1.04 kB[22m[1m[22m
[2mnode_modules/.nitro/vite/services/ssr/[22m[36massets/_tanstack-start-manifest_v-CjPHCS5g.js          [39m[1m[2m 1.07 kB[22m[1m[22m
[2mnode_modules/.nitro/vite/services/ssr/[22m[36massets/textarea-D6yPl14u.js                            [39m[1m[2m 1.46 kB[22m[1m[22m
[2mnode_modules/.nitro/vite/services/ssr/[22m[36massets/start-BM2dM3TI.js                               [39m[1m[2m 1.98 kB[22m[1m[22m
[2mnode_modules/.nitro/vite/services/ssr/[22m[36mindex.js                                               [39m[1m[2m 3.85 kB[22m[1m[22m
[2mnode_modules/.nitro/vite/services/ssr/[22m[36massets/profile-Bndy68ru.js                             [39m[1m[2m 5.56 kB[22m[1m[22m
[2mnode_modules/.nitro/vite/services/ssr/[22m[36massets/router-D5whSrAm.js                              [39m[1m[2m 6.73 kB[22m[1m[22m
[2mnode_modules/.nitro/vite/services/ssr/[22m[36massets/welcome-Cs2L2rA-.js                             [39m[1m[2m13.01 kB[22m[1m[22m
[2mnode_modules/.nitro/vite/services/ssr/[22m[36massets/session._sessionId-CNV4CMcg.js                  [39m[1m[2m32.80 kB[22m[1m[22m
[2mnode_modules/.nitro/vite/services/ssr/[22m[36massets/server-OUDeWfQa.js                              [39m[1m[2m48.00 kB[22m[1m[22m
[2mnode_modules/.nitro/vite/services/ssr/[22m[36massets/index-CDafuGNS.js                               [39m[1m[2m66.23 kB[22m[1m[22m
[32mΓ£ô built in 917ms[39m

[90m[[90mnitro[90m][39m [35mΓùÉ[39m Building [[35mNitro[39m] [2m(preset: [36mvercel[39m, compatibility: [36m2026-05-24[39m)[22m
[90m[[90mnitro[90m][39m [32mΓ£ö[39m Generated public [36m.vercel/output/static[39m
[36mvite v7.3.3 [32mbuilding nitro environment for production...[36m[39m
transforming...
[33mnode_modules/@tanstack/react-router/dist/esm/index.js (1:0): Module level 
directives cause errors when bundled, "use client" in 
"node_modules/@tanstack/react-router/dist/esm/index.js" was ignored.[39m
[33mnode_modules/@tanstack/react-router/dist/esm/ClientOnly.js (1:0): Module 
level directives cause errors when bundled, "use client" in 
"node_modules/@tanstack/react-router/dist/esm/ClientOnly.js" was ignored.[39m
[33mnode_modules/@tanstack/react-router/dist/esm/useNavigate.js (1:0): Module 
level directives cause errors when bundled, "use client" in 
"node_modules/@tanstack/react-router/dist/esm/useNavigate.js" was ignored.[39m
[33mnode_modules/@tanstack/react-router/dist/esm/RouterProvider.js (1:0): 
Module level directives cause errors when bundled, "use client" in 
"node_modules/@tanstack/react-router/dist/esm/RouterProvider.js" was 
ignored.[39m
[33mnode_modules/@tanstack/react-router/dist/esm/useBlocker.js (1:0): Module 
level directives cause errors when bundled, "use client" in 
"node_modules/@tanstack/react-router/dist/esm/useBlocker.js" was ignored.[39m
[33mnode_modules/@tanstack/react-router/dist/esm/useRouterState.js (1:0): 
Module level directives cause errors when bundled, "use client" in 
"node_modules/@tanstack/react-router/dist/esm/useRouterState.js" was 
ignored.[39m
[33mnode_modules/@tanstack/react-router/dist/esm/useLocation.js (1:0): Module 
level directives cause errors when bundled, "use client" in 
"node_modules/@tanstack/react-router/dist/esm/useLocation.js" was ignored.[39m
[33mnode_modules/@tanstack/react-router/dist/esm/HeadContent.js (1:0): Module 
level directives cause errors when bundled, "use client" in 
"node_modules/@tanstack/react-router/dist/esm/HeadContent.js" was ignored.[39m
[33mnode_modules/@tanstack/react-router/dist/esm/CatchBoundary.js (1:0): 
Module level directives cause errors when bundled, "use client" in 
"node_modules/@tanstack/react-router/dist/esm/CatchBoundary.js" was 
ignored.[39m
[33mnode_modules/@tanstack/react-router/dist/esm/useRouter.js (1:0): Module 
level directives cause errors when bundled, "use client" in 
"node_modules/@tanstack/react-router/dist/esm/useRouter.js" was ignored.[39m
[33mnode_modules/@tanstack/react-router/dist/esm/Matches.js (1:0): Module 
level directives cause errors when bundled, "use client" in 
"node_modules/@tanstack/react-router/dist/esm/Matches.js" was ignored.[39m
[33mnode_modules/@tanstack/react-router/dist/esm/useMatch.js (1:0): Module 
level directives cause errors when bundled, "use client" in 
"node_modules/@tanstack/react-router/dist/esm/useMatch.js" was ignored.[39m
[33mnode_modules/@tanstack/react-router/dist/esm/Asset.js (1:0): Module level 
directives cause errors when bundled, "use client" in 
"node_modules/@tanstack/react-router/dist/esm/Asset.js" was ignored.[39m
[33mnode_modules/@tanstack/react-router/dist/esm/link.js (1:0): Module level 
directives cause errors when bundled, "use client" in 
"node_modules/@tanstack/react-router/dist/esm/link.js" was ignored.[39m
[33mnode_modules/@tanstack/react-router/dist/esm/Match.js (1:0): Module level 
directives cause errors when bundled, "use client" in 
"node_modules/@tanstack/react-router/dist/esm/Match.js" was ignored.[39m
[33mnode_modules/@tanstack/react-query/build/modern/useQueries.js (1:0): 
Module level directives cause errors when bundled, "use client" in 
"node_modules/@tanstack/react-query/build/modern/useQueries.js" was 
ignored.[39m
[33mnode_modules/@tanstack/react-query/build/modern/useQuery.js (1:0): Module 
level directives cause errors when bundled, "use client" in 
"node_modules/@tanstack/react-query/build/modern/useQuery.js" was ignored.[39m
[33mnode_modules/@tanstack/react-query/build/modern/QueryClientProvider.js 
(1:0): Module level directives cause errors when bundled, "use client" in 
"node_modules/@tanstack/react-query/build/modern/QueryClientProvider.js" was 
ignored.[39m
[33mnode_modules/@tanstack/react-query/build/modern/HydrationBoundary.js 
(1:0): Module level directives cause errors when bundled, "use client" in 
"node_modules/@tanstack/react-query/build/modern/HydrationBoundary.js" was 
ignored.[39m
[33mnode_modules/@tanstack/react-query/build/modern/QueryErrorResetBoundary.js
 (1:0): Module level directives cause errors when bundled, "use client" in 
"node_modules/@tanstack/react-query/build/modern/QueryErrorResetBoundary.js" 
was ignored.[39m
[33mnode_modules/@tanstack/react-query/build/modern/useMutationState.js 
(1:0): Module level directives cause errors when bundled, "use client" in 
"node_modules/@tanstack/react-query/build/modern/useMutationState.js" was 
ignored.[39m
[33mnode_modules/@tanstack/react-query/build/modern/useIsFetching.js (1:0): 
Module level directives cause errors when bundled, "use client" in 
"node_modules/@tanstack/react-query/build/modern/useIsFetching.js" was 
ignored.[39m
[33mnode_modules/@tanstack/react-query/build/modern/useMutation.js (1:0): 
Module level directives cause errors when bundled, "use client" in 
"node_modules/@tanstack/react-query/build/modern/useMutation.js" was 
ignored.[39m
[33mnode_modules/@tanstack/react-query/build/modern/IsRestoringProvider.js 
(1:0): Module level directives cause errors when bundled, "use client" in 
"node_modules/@tanstack/react-query/build/modern/IsRestoringProvider.js" was 
ignored.[39m
[33mnode_modules/@tanstack/react-query/build/modern/useInfiniteQuery.js 
(1:0): Module level directives cause errors when bundled, "use client" in 
"node_modules/@tanstack/react-query/build/modern/useInfiniteQuery.js" was 
ignored.[39m
[33mnode_modules/@radix-ui/react-dialog/dist/index.mjs (1:0): Module level 
directives cause errors when bundled, "use client" in 
"node_modules/@radix-ui/react-dialog/dist/index.mjs" was ignored.[39m
[33mnode_modules/@tanstack/react-router/dist/esm/utils.js (1:0): Module level 
directives cause errors when bundled, "use client" in 
"node_modules/@tanstack/react-router/dist/esm/utils.js" was ignored.[39m
[33mnode_modules/@tanstack/react-router/dist/esm/routerContext.js (1:0): 
Module level directives cause errors when bundled, "use client" in 
"node_modules/@tanstack/react-router/dist/esm/routerContext.js" was 
ignored.[39m
[33mnode_modules/@tanstack/react-query/build/modern/useSuspenseQuery.js 
(1:0): Module level directives cause errors when bundled, "use client" in 
"node_modules/@tanstack/react-query/build/modern/useSuspenseQuery.js" was 
ignored.[39m
[33mnode_modules/@tanstack/react-router/dist/esm/matchContext.js (1:0): 
Module level directives cause errors when bundled, "use client" in 
"node_modules/@tanstack/react-router/dist/esm/matchContext.js" was 
ignored.[39m
[33mnode_modules/@tanstack/react-router/dist/esm/Transitioner.js (1:0): 
Module level directives cause errors when bundled, "use client" in 
"node_modules/@tanstack/react-router/dist/esm/Transitioner.js" was 
ignored.[39m
[33mnode_modules/@tanstack/react-query/build/modern/useSuspenseQueries.js 
(1:0): Module level directives cause errors when bundled, "use client" in 
"node_modules/@tanstack/react-query/build/modern/useSuspenseQueries.js" was 
ignored.[39m
[33mnode_modules/@tanstack/react-query/build/modern/useSuspenseInfiniteQuery.j
s (1:0): Module level directives cause errors when bundled, "use client" in 
"node_modules/@tanstack/react-query/build/modern/useSuspenseInfiniteQuery.js" 
was ignored.[39m
[33mnode_modules/@tanstack/react-query/build/modern/errorBoundaryUtils.js 
(1:0): Module level directives cause errors when bundled, "use client" in 
"node_modules/@tanstack/react-query/build/modern/errorBoundaryUtils.js" was 
ignored.[39m
[33mnode_modules/@tanstack/react-query/build/modern/useBaseQuery.js (1:0): 
Module level directives cause errors when bundled, "use client" in 
"node_modules/@tanstack/react-query/build/modern/useBaseQuery.js" was 
ignored.[39m
[33mnode_modules/@radix-ui/react-dismissable-layer/dist/index.mjs (1:0): 
Module level directives cause errors when bundled, "use client" in 
"node_modules/@radix-ui/react-dismissable-layer/dist/index.mjs" was 
ignored.[39m
[33mnode_modules/@radix-ui/react-focus-scope/dist/index.mjs (1:0): Module 
level directives cause errors when bundled, "use client" in 
"node_modules/@radix-ui/react-focus-scope/dist/index.mjs" was ignored.[39m
[33mnode_modules/@radix-ui/react-portal/dist/index.mjs (1:0): Module level 
directives cause errors when bundled, "use client" in 
"node_modules/@radix-ui/react-portal/dist/index.mjs" was ignored.[39m
[33mnode_modules/@radix-ui/react-presence/dist/index.mjs (1:0): Module level 
directives cause errors when bundled, "use client" in 
"node_modules/@radix-ui/react-presence/dist/index.mjs" was ignored.[39m
[33mnode_modules/@radix-ui/react-focus-guards/dist/index.mjs (1:0): Module 
level directives cause errors when bundled, "use client" in 
"node_modules/@radix-ui/react-focus-guards/dist/index.mjs" was ignored.[39m
[32mΓ£ô[39m 2053 modules transformed.
[36mΓä╣[39m Tracing dependencies:
- [36mtslib[39m (2.8.1)
[32mΓ£ö[39m Traced 1 dependencies (4 files) in 78ms.
[36mΓä╣[39m Ensure your production environment matches the builder OS and architecture ([36mwin32-x64[39m) to avoid native module issues.
rendering chunks...
[2m.vercel/output/functions/__server.func/[22m[36m_libs/hookable.mjs                                      [39m[1m[2m  0.00 kB[22m[1m[22m
[2m.vercel/output/functions/__server.func/[22m[36m_libs/ufo.mjs                                           [39m[1m[2m  0.00 kB[22m[1m[22m
[2m.vercel/output/functions/__server.func/[22m[36m_libs/ohash.mjs                                         [39m[1m[2m  0.00 kB[22m[1m[22m
[2m.vercel/output/functions/__server.func/[22m[36m_libs/ocache.mjs                                        [39m[1m[2m  0.00 kB[22m[1m[22m
[2m.vercel/output/functions/__server.func/[22m[36m_libs/unstorage.mjs                                     [39m[1m[2m  0.00 kB[22m[1m[22m
[2m.vercel/output/functions/__server.func/[22m[36m_libs/tanstack__store.mjs                               [39m[1m[2m  0.00 kB[22m[1m[22m
[2m.vercel/output/functions/__server.func/[22m[36m_libs/use-sync-external-store.mjs                       [39m[1m[2m  0.00 kB[22m[1m[22m
[2m.vercel/output/functions/__server.func/[22m[36m_libs/detect-node-es.mjs                                [39m[1m[2m  0.00 kB[22m[1m[22m
[2m.vercel/output/functions/__server.func/[22m[36m_libs/tslib.mjs                                         [39m[1m[2m  0.00 kB[22m[1m[22m
[2m.vercel/output/functions/__server.func/[22m[36m_libs/tanstack__react-store.mjs                         [39m[1m[2m  0.02 kB[22m[1m[22m
[2m.vercel/output/functions/__server.func/[22m[36m_libs/@radix-ui/react-use-effect-event+[...].mjs        [39m[1m[2m  0.02 kB[22m[1m[22m
[2m.vercel/output/functions/__server.func/[22m[36m__23tanstack-start-plugin-adapters-Cwee5PKy.mjs         [39m[1m[2m  0.14 kB[22m[1m[22m
[2m.vercel/output/functions/__server.func/[22m[36m_libs/get-nonce.mjs                                     [39m[1m[2m  0.16 kB[22m[1m[22m
[2m.vercel/output/functions/__server.func/[22m[36m_libs/@radix-ui/react-use-layout-effect+[...].mjs       [39m[1m[2m  0.17 kB[22m[1m[22m
[2m.vercel/output/functions/__server.func/[22m[36m_libs/rou3.mjs                                          [39m[1m[2m  0.21 kB[22m[1m[22m
[2m.vercel/output/functions/__server.func/[22m[36m_libs/@radix-ui/react-use-callback-ref+[...].mjs        [39m[1m[2m  0.34 kB[22m[1m[22m
[2m.vercel/output/functions/__server.func/[22m[36m_libs/radix-ui__primitive.mjs                           [39m[1m[2m  0.35 kB[22m[1m[22m
[2m.vercel/output/functions/__server.func/[22m[36m_libs/tanstack__react-query.mjs                         [39m[1m[2m  0.46 kB[22m[1m[22m
[2m.vercel/output/functions/__server.func/[22m[36m_chunks/ssr-renderer.mjs                                [39m[1m[2m  0.51 kB[22m[1m[22m
[2m.vercel/output/functions/__server.func/[22m[36m_libs/radix-ui__react-id.mjs                            [39m[1m[2m  0.51 kB[22m[1m[22m
[2m.vercel/output/functions/__server.func/[22m[36m_libs/@radix-ui/react-use-escape-keydown+[...].mjs      [39m[1m[2m  0.69 kB[22m[1m[22m
[2m.vercel/output/functions/__server.func/[22m[36m_libs/radix-ui__react-portal.mjs                        [39m[1m[2m  0.83 kB[22m[1m[22m
[2m.vercel/output/functions/__server.func/[22m[36m_libs/radix-ui__react-focus-guards.mjs                  [39m[1m[2m  0.93 kB[22m[1m[22m
[2m.vercel/output/functions/__server.func/[22m[36m_libs/radix-ui__react-compose-refs.mjs                  [39m[1m[2m  0.96 kB[22m[1m[22m
[2m.vercel/output/functions/__server.func/[22m[36m_ssr/sessions-CFJlkjLc.mjs                              [39m[1m[2m  1.05 kB[22m[1m[22m
[2m.vercel/output/functions/__server.func/[22m[36m_tanstack-start-manifest_v-CjPHCS5g.mjs                 [39m[1m[2m  1.07 kB[22m[1m[22m
[2m.vercel/output/functions/__server.func/[22m[36m_libs/radix-ui__react-primitive.mjs                     [39m[1m[2m  1.12 kB[22m[1m[22m
[2m.vercel/output/functions/__server.func/[22m[36m_libs/clsx.mjs                                          [39m[1m[2m  1.27 kB[22m[1m[22m
[2m.vercel/output/functions/__server.func/[22m[36m_libs/cookie-es.mjs                                     [39m[1m[2m  1.46 kB[22m[1m[22m
[2m.vercel/output/functions/__server.func/[22m[36m_libs/seroval-plugins.mjs                               [39m[1m[2m  1.47 kB[22m[1m[22m
[2m.vercel/output/functions/__server.func/[22m[36m_ssr/textarea-D6yPl14u.mjs                              [39m[1m[2m  1.55 kB[22m[1m[22m
[2m.vercel/output/functions/__server.func/[22m[36m_libs/react-style-singleton.mjs                         [39m[1m[2m  1.67 kB[22m[1m[22m
[2m.vercel/output/functions/__server.func/[22m[36m_libs/use-callback-ref.mjs                              [39m[1m[2m  1.75 kB[22m[1m[22m
[2m.vercel/output/functions/__server.func/[22m[36m_ssr/start-BM2dM3TI.mjs                                 [39m[1m[2m  1.98 kB[22m[1m[22m
[2m.vercel/output/functions/__server.func/[22m[36m_libs/class-variance-authority.mjs                      [39m[1m[2m  2.14 kB[22m[1m[22m
[2m.vercel/output/functions/__server.func/[22m[36m_libs/@radix-ui/react-use-controllable-state+[...].mjs  [39m[1m[2m  2.29 kB[22m[1m[22m
[2m.vercel/output/functions/__server.func/[22m[36m_libs/prop-types.mjs                                    [39m[1m[2m  2.34 kB[22m[1m[22m
[2m.vercel/output/functions/__server.func/[22m[36m_libs/isbot.mjs                                         [39m[1m[2m  2.56 kB[22m[1m[22m
[2m.vercel/output/functions/__server.func/[22m[36m_libs/use-sidecar.mjs                                   [39m[1m[2m  2.65 kB[22m[1m[22m
[2m.vercel/output/functions/__server.func/[22m[36m_libs/radix-ui__react-context.mjs                       [39m[1m[2m  3.36 kB[22m[1m[22m
[2m.vercel/output/functions/__server.func/[22m[36m_ssr/index.mjs                                          [39m[1m[2m  3.85 kB[22m[1m[22m
[2m.vercel/output/functions/__server.func/[22m[36m_libs/react-remove-scroll-bar.mjs                       [39m[1m[2m  3.96 kB[22m[1m[22m
[2m.vercel/output/functions/__server.func/[22m[36m_libs/aria-hidden.mjs                                   [39m[1m[2m  4.06 kB[22m[1m[22m
[2m.vercel/output/functions/__server.func/[22m[36m_libs/radix-ui__react-presence.mjs                      [39m[1m[2m  4.86 kB[22m[1m[22m
[2m.vercel/output/functions/__server.func/[22m[36m_ssr/profile-Bndy68ru.mjs                               [39m[1m[2m  5.64 kB[22m[1m[22m
[2m.vercel/output/functions/__server.func/[22m[36m_libs/tanstack__history.mjs                             [39m[1m[2m  5.99 kB[22m[1m[22m
[2m.vercel/output/functions/__server.func/[22m[36mindex.mjs                                               [39m[1m[2m  7.34 kB[22m[1m[22m
[2m.vercel/output/functions/__server.func/[22m[36m_ssr/router-D5whSrAm.mjs                                [39m[1m[2m  7.63 kB[22m[1m[22m
[2m.vercel/output/functions/__server.func/[22m[36m_libs/radix-ui__react-focus-scope.mjs                   [39m[1m[2m  8.07 kB[22m[1m[22m
[2m.vercel/output/functions/__server.func/[22m[36m_libs/srvx.mjs                                          [39m[1m[2m  8.71 kB[22m[1m[22m
[2m.vercel/output/functions/__server.func/[22m[36m_libs/@radix-ui/react-dismissable-layer+[...].mjs       [39m[1m[2m  8.97 kB[22m[1m[22m
[2m.vercel/output/functions/__server.func/[22m[36m_libs/lucide-react.mjs                                  [39m[1m[2m  9.68 kB[22m[1m[22m
[2m.vercel/output/functions/__server.func/[22m[36m_libs/h3-v2.mjs                                         [39m[1m[2m  9.98 kB[22m[1m[22m
[2m.vercel/output/functions/__server.func/[22m[36m_libs/radix-ui__react-slot.mjs                          [39m[1m[2m 11.58 kB[22m[1m[22m
[2m.vercel/output/functions/__server.func/[22m[36m_libs/supabase__functions-js.mjs                        [39m[1m[2m 11.82 kB[22m[1m[22m
[2m.vercel/output/functions/__server.func/[22m[36m_libs/react-remove-scroll.mjs                           [39m[1m[2m 13.37 kB[22m[1m[22m
[2m.vercel/output/functions/__server.func/[22m[36m_libs/radix-ui__react-dialog.mjs                        [39m[1m[2m 13.51 kB[22m[1m[22m
[2m.vercel/output/functions/__server.func/[22m[36m_libs/h3.mjs                                            [39m[1m[2m 14.32 kB[22m[1m[22m
[2m.vercel/output/functions/__server.func/[22m[36m_ssr/welcome-Cs2L2rA-.mjs                               [39m[1m[2m 14.85 kB[22m[1m[22m
[2m.vercel/output/functions/__server.func/[22m[36m_libs/iceberg-js.mjs                                    [39m[1m[2m 15.70 kB[22m[1m[22m
[2m.vercel/output/functions/__server.func/[22m[36m_libs/react.mjs                                         [39m[1m[2m 19.93 kB[22m[1m[22m
[2m.vercel/output/functions/__server.func/[22m[36m_libs/supabase__supabase-js.mjs                         [39m[1m[2m 29.96 kB[22m[1m[22m
[2m.vercel/output/functions/__server.func/[22m[36m_ssr/session._sessionId-CNV4CMcg.mjs                    [39m[1m[2m 35.72 kB[22m[1m[22m
[2m.vercel/output/functions/__server.func/[22m[36m_libs/tanstack__react-router.mjs                        [39m[1m[2m 40.15 kB[22m[1m[22m
[2m.vercel/output/functions/__server.func/[22m[36m_libs/react-draggable.mjs                               [39m[1m[2m 45.17 kB[22m[1m[22m
[2m.vercel/output/functions/__server.func/[22m[36m_ssr/server-OUDeWfQa.mjs                                [39m[1m[2m 48.32 kB[22m[1m[22m
[2m.vercel/output/functions/__server.func/[22m[36m_libs/seroval.mjs                                       [39m[1m[2m 48.40 kB[22m[1m[22m
[2m.vercel/output/functions/__server.func/[22m[36m_libs/supabase__phoenix.mjs                             [39m[1m[2m 53.95 kB[22m[1m[22m
[2m.vercel/output/functions/__server.func/[22m[36m_libs/tanstack__query-core.mjs                          [39m[1m[2m 54.77 kB[22m[1m[22m
[2m.vercel/output/functions/__server.func/[22m[36m_ssr/index-CDafuGNS.mjs                                 [39m[1m[2m 72.94 kB[22m[1m[22m
[2m.vercel/output/functions/__server.func/[22m[36m_libs/supabase__realtime-js.mjs                         [39m[1m[2m 73.03 kB[22m[1m[22m
[2m.vercel/output/functions/__server.func/[22m[36m_libs/supabase__storage-js.mjs                          [39m[1m[2m 97.37 kB[22m[1m[22m
[2m.vercel/output/functions/__server.func/[22m[36m_libs/tailwind-merge.mjs                                [39m[1m[2m 99.21 kB[22m[1m[22m
[2m.vercel/output/functions/__server.func/[22m[36m_libs/supabase__postgrest-js.mjs                        [39m[1m[2m132.72 kB[22m[1m[22m
[2m.vercel/output/functions/__server.func/[22m[36m_libs/tanstack__router-core.mjs                         [39m[1m[2m158.07 kB[22m[1m[22m
[2m.vercel/output/functions/__server.func/[22m[36m_libs/supabase__auth-js.mjs                             [39m[1m[2m298.50 kB[22m[1m[22m
[2m.vercel/output/functions/__server.func/[22m[36m_libs/react-dom.mjs                                     [39m[1m[33m509.20 kB[39m[22m
[32mΓ£ô built in 8.50s[39m
[36mΓä╣[39m Generated [36m.vercel/output/nitro.json[39m

[90m[[90mnitro[90m][39m [32mΓ£ö[39m You can preview this build using [36mnpx vite preview[39m
[90m[[90mnitro[90m][39m [32mΓ£ö[39m You can deploy this build using [36mnpx nitro deploy --prebuilt[39m
